                                                                                
MONITORING POINT FILE
  TIME, sec           NODE    XR,  m         Z,   m         H,   m          P,  m         THETA          SAT          TEMP           VX           VZ           ET H2O        H          O          Charge     Amm        C          N         
  1.296000E+06       33    5.00000E-01  1.45000E+00 -3.93858E-01  1.05614E+00  1.00000E+00  1.00000E+00  2.30802E+01  0.00000E+00  1.16001E-06  0.00000E+00  9.97041E+05  1.81870E-02  8.21069E+00 -4.35069E-04  4.45624E-03  2.13063E+00  6.99648E-02
