                                                                                
MONITORING POINT FILE
  TIME, sec           NODE    XR,  m         Z,   m         H,   m          P,  m         THETA          SAT                VX           VZ           ET H2O        H          O          Charge     Amm        C          N         
  1.296000E+06      303    5.00000E-01  1.49500E+00 -4.95000E-01  1.00000E+00  1.00000E+00  1.00000E+00  0.00000E+00  1.16000E-06  0.00000E+00  9.97038E+05  1.84353E-02  8.20918E+00 -4.32490E-04  4.45293E-03  2.13276E+00  7.17324E-02
