                                                                                
MONITORING POINT FILE
  TIME, sec           NODE    XR,  m         Z,   m         H,   m          P,  m         THETA          SAT                VX           VZ           ET H2O        H          O          Charge     Ca         Cl         K          N          Na        
  7.200000E+04       83    5.00000E-01  7.90000E-02  9.21000E-01  1.00000E+00  1.00000E+00  1.00000E+00  0.00000E+00  2.77800E-06  0.00000E+00  9.97043E+05  5.15375E-04  5.58095E+00  4.59914E-08  2.56654E+04  4.54439E+04  2.14880E+01  2.95536E-02  1.26632E+01
